MPLINK 5.08, LINKER
Linker Map File - Created Mon Feb 13 13:24:36 2017

                                 Section Info
                  Section       Type    Address   Location Size(Bytes)
                ---------  ---------  ---------  ---------  ---------
                   .org_0       code   0x000000    program   0x000004
                   .cinit    romdata   0x000004    program   0x000002
                   .org_1       code   0x000008    program   0x000004
                   .org_2       code   0x000018    program   0x0000b2
.config_300001_BUILD/DEFAULT/PRODUCTION/MAIN.O    romdata   0x300001    program   0x000001
.config_300003_BUILD/DEFAULT/PRODUCTION/MAIN.O    romdata   0x300003    program   0x000001
.config_300005_BUILD/DEFAULT/PRODUCTION/MAIN.O    romdata   0x300005    program   0x000001



                              Program Memory Usage 
                               Start         End      
                           ---------   ---------      
                            0x000000    0x000005      
                            0x000008    0x00000b      
                            0x000018    0x0000c9      
                            0x300001    0x300001      
                            0x300003    0x300003      
                            0x300005    0x300005      
            191 out of 8472 program addresses used, program memory utilization is 2%



                              Symbols - Sorted by Name
                     Name    Address   Location    Storage File                     
                ---------  ---------  ---------  --------- ---------                
                    BUCLE   0x000068    program     static D:\ALEX\TERCER\assembler\walkie-asm\Walkie-asm.X\main.asm
           CHECK_LOAD_BTN   0x00006e    program     static D:\ALEX\TERCER\assembler\walkie-asm\Walkie-asm.X\main.asm
           CHECK_SEND_BTN   0x000076    program     static D:\ALEX\TERCER\assembler\walkie-asm\Walkie-asm.X\main.asm
                 HIGH_INT   0x00001a    program     static D:\ALEX\TERCER\assembler\walkie-asm\Walkie-asm.X\main.asm
            HI_INT_VECTOR   0x000008    program     static D:\ALEX\TERCER\assembler\walkie-asm\Walkie-asm.X\main.asm
                INIT_INTS   0x000032    program     static D:\ALEX\TERCER\assembler\walkie-asm\Walkie-asm.X\main.asm
               INIT_PORTS   0x000022    program     static D:\ALEX\TERCER\assembler\walkie-asm\Walkie-asm.X\main.asm
                 INIT_TMR   0x00004c    program     static D:\ALEX\TERCER\assembler\walkie-asm\Walkie-asm.X\main.asm
                INIT_VARS   0x00001c    program     static D:\ALEX\TERCER\assembler\walkie-asm\Walkie-asm.X\main.asm
                 LOAD_BTN   0x000092    program     static D:\ALEX\TERCER\assembler\walkie-asm\Walkie-asm.X\main.asm
             LOAD_MESSAGE   0x000092    program     static D:\ALEX\TERCER\assembler\walkie-asm\Walkie-asm.X\main.asm
           LOW_INT_VECTOR   0x000018    program     static D:\ALEX\TERCER\assembler\walkie-asm\Walkie-asm.X\main.asm
                     MAIN   0x000058    program     static D:\ALEX\TERCER\assembler\walkie-asm\Walkie-asm.X\main.asm
             READ_MESSAGE   0x0000a2    program     static D:\ALEX\TERCER\assembler\walkie-asm\Walkie-asm.X\main.asm
             RESET_VECTOR   0x000000    program     static D:\ALEX\TERCER\assembler\walkie-asm\Walkie-asm.X\main.asm
                    RX_PC   0x000082    program     static D:\ALEX\TERCER\assembler\walkie-asm\Walkie-asm.X\main.asm
                 SEND_BTN   0x000092    program     static D:\ALEX\TERCER\assembler\walkie-asm\Walkie-asm.X\main.asm
             SEND_MESSAGE   0x000092    program     static D:\ALEX\TERCER\assembler\walkie-asm\Walkie-asm.X\main.asm
             _.org_2_00A4   0x0000a4    program     static D:\ALEX\TERCER\assembler\walkie-asm\Walkie-asm.X\main.asm
             _.org_2_00B0   0x0000b0    program     static D:\ALEX\TERCER\assembler\walkie-asm\Walkie-asm.X\main.asm



                              Symbols - Sorted by Address
                     Name    Address   Location    Storage File                     
                ---------  ---------  ---------  --------- ---------                
             RESET_VECTOR   0x000000    program     static D:\ALEX\TERCER\assembler\walkie-asm\Walkie-asm.X\main.asm
            HI_INT_VECTOR   0x000008    program     static D:\ALEX\TERCER\assembler\walkie-asm\Walkie-asm.X\main.asm
           LOW_INT_VECTOR   0x000018    program     static D:\ALEX\TERCER\assembler\walkie-asm\Walkie-asm.X\main.asm
                 HIGH_INT   0x00001a    program     static D:\ALEX\TERCER\assembler\walkie-asm\Walkie-asm.X\main.asm
                INIT_VARS   0x00001c    program     static D:\ALEX\TERCER\assembler\walkie-asm\Walkie-asm.X\main.asm
               INIT_PORTS   0x000022    program     static D:\ALEX\TERCER\assembler\walkie-asm\Walkie-asm.X\main.asm
                INIT_INTS   0x000032    program     static D:\ALEX\TERCER\assembler\walkie-asm\Walkie-asm.X\main.asm
                 INIT_TMR   0x00004c    program     static D:\ALEX\TERCER\assembler\walkie-asm\Walkie-asm.X\main.asm
                     MAIN   0x000058    program     static D:\ALEX\TERCER\assembler\walkie-asm\Walkie-asm.X\main.asm
                    BUCLE   0x000068    program     static D:\ALEX\TERCER\assembler\walkie-asm\Walkie-asm.X\main.asm
           CHECK_LOAD_BTN   0x00006e    program     static D:\ALEX\TERCER\assembler\walkie-asm\Walkie-asm.X\main.asm
           CHECK_SEND_BTN   0x000076    program     static D:\ALEX\TERCER\assembler\walkie-asm\Walkie-asm.X\main.asm
                    RX_PC   0x000082    program     static D:\ALEX\TERCER\assembler\walkie-asm\Walkie-asm.X\main.asm
             SEND_MESSAGE   0x000092    program     static D:\ALEX\TERCER\assembler\walkie-asm\Walkie-asm.X\main.asm
                 SEND_BTN   0x000092    program     static D:\ALEX\TERCER\assembler\walkie-asm\Walkie-asm.X\main.asm
             LOAD_MESSAGE   0x000092    program     static D:\ALEX\TERCER\assembler\walkie-asm\Walkie-asm.X\main.asm
                 LOAD_BTN   0x000092    program     static D:\ALEX\TERCER\assembler\walkie-asm\Walkie-asm.X\main.asm
             READ_MESSAGE   0x0000a2    program     static D:\ALEX\TERCER\assembler\walkie-asm\Walkie-asm.X\main.asm
             _.org_2_00A4   0x0000a4    program     static D:\ALEX\TERCER\assembler\walkie-asm\Walkie-asm.X\main.asm
             _.org_2_00B0   0x0000b0    program     static D:\ALEX\TERCER\assembler\walkie-asm\Walkie-asm.X\main.asm


